// Jest Snapshot v1, https://goo.gl/fbAQLP

exports[`<Header /> Should math stored snapshot 1`] = `
.c4 {
  width: 100px;
}

.c0 {
  max-width: 100vw;
  width: 100%;
  padding: 16px;
  display: -webkit-box;
  display: -webkit-flex;
  display: -ms-flexbox;
  display: flex;
  -webkit-align-items: center;
  -webkit-box-align: center;
  -ms-flex-align: center;
  align-items: center;
  -webkit-box-pack: start;
  -webkit-justify-content: flex-start;
  -ms-flex-pack: start;
  justify-content: flex-start;
  border-bottom: 1px solid;
}

.c1 {
  display: none;
}

.c2 {
  width: 6px;
}

@media screen and (max-width:550px) {
  .c0 {
    -webkit-box-pack: center;
    -webkit-justify-content: center;
    -ms-flex-pack: center;
    justify-content: center;
  }

  .c0 > .c3 {
    position: absolute;
  }
}

@media screen and (max-width:550px) {
  .c1 {
    display: block;
    margin-right: auto;
    display: block;
    width: 40px;
    height: 40px;
    padding: 8px;
  }
}

<Header>
  <styled.header>
    <header
      className="c0"
    >
      <styled.button>
        <button
          className="c1"
        >
          <styled.img
            src="test-file-stub"
          >
            <img
              className="c2"
              src="test-file-stub"
            />
          </styled.img>
        </button>
      </styled.button>
      <Logo>
        <styled.img
          src="test-file-stub"
        >
          <img
            className="c3 c4"
            src="test-file-stub"
          />
        </styled.img>
      </Logo>
    </header>
  </styled.header>
</Header>
`;
